// Vitest Snapshot v1, https://vitest.dev/guide/snapshot.html

exports[`routes/account/send/feetargets > should match the snapshot 1`] = `
<div>
  <div
    class="_input_44a2ea _align-left_44a2ea  _isTransparent_44a2ea"
  >
    <div
      class="flex flex-row flex-between"
    >
      <label
        class=""
        for="feetarget"
      >
        send.priority
      </label>
    </div>
    <input
      autocomplete="off"
      autocorrect="off"
      disabled=""
      id="feetarget"
      placeholder="send.feeTarget.placeholder"
      spellcheck="false"
      type="text"
      value=""
    />
  </div>
</div>
`;

exports[`routes/account/send/feetargets > should match the snapshot with empty feetargets 1`] = `
<div>
  <div
    class="_input_44a2ea _align-left_44a2ea  _isTransparent_44a2ea"
  >
    <div
      class="flex flex-row flex-between"
    >
      <label
        class=""
        for="feetarget"
      >
        send.priority
      </label>
    </div>
    <input
      autocomplete="off"
      autocorrect="off"
      disabled=""
      id="feetarget"
      placeholder="send.feeTarget.placeholder"
      spellcheck="false"
      type="text"
      value=""
    />
  </div>
</div>
`;
