// Vitest Snapshot v1, https://vitest.dev/guide/snapshot.html

exports[`components/message/message > should have child nodes 1`] = `
<div
  class="_info_88ce03 "
>
  <img
    draggable="false"
    src="/src/components/icon/assets/icons/icon-info.svg"
  />
  <div
    class="_content_88ce03"
  >
    <span>
      hello
    </span>
  </div>
</div>
`;
